// Jest Snapshot v1, https://goo.gl/fbAQLP

exports[`Calendar Dashboard Panel renders calendar dashboard panel 1`] = `
<CalendarDashboardPanel
  hasActiveShift={true}
  store={
    Object {
      "clearActions": [Function],
      "dispatch": [Function],
      "getActions": [Function],
      "getState": [Function],
      "replaceReducer": [Function],
      "subscribe": [Function],
    }
  }
>
  <li
    className="__card column-one-third"
    id="calendarPanel"
  >
    <a
      className="card__body"
      href="#"
      id="calendarPageLink"
      onClick={[Function]}
    >
      <span
        className="bold-large"
      >
        calendar
      </span>
    </a>
    <div
      className="card__footer"
    >
      <span
        className="font-small"
      >
        Operational calendar
      </span>
    </div>
  </li>
</CalendarDashboardPanel>
`;
