// Jest Snapshot v1, https://goo.gl/fbAQLP

exports[`Procedures Dashboard Panel renders forms dashboard panel 1`] = `
<FormsDashboardPanel
  store={
    Object {
      "clearActions": [Function],
      "dispatch": [Function],
      "getActions": [Function],
      "getState": [Function],
      "replaceReducer": [Function],
      "subscribe": [Function],
    }
  }
>
  <li
    className="govuk-grid-column-one-third"
    id="proceduresPanel"
  >
    <a
      className="govuk-heading-m govuk-link"
      href="/forms"
      id="proceduresPageLink"
      onClick={[Function]}
    >
      Forms
    </a>
    <p
      className="govuk-body-s"
    >
      Submit a form
    </p>
  </li>
</FormsDashboardPanel>
`;
