// Jest Snapshot v1, https://goo.gl/fbAQLP

exports[`Reports Dashboard Panel renders reports dashboard panel 1`] = `
<ReportsDashboardPanel
  store={
    Object {
      "clearActions": [Function],
      "dispatch": [Function],
      "getActions": [Function],
      "getState": [Function],
      "replaceReducer": [Function],
      "subscribe": [Function],
    }
  }
>
  <li
    className="govuk-grid-column-one-third"
    id="reportsPanel"
  >
    <a
      className="govuk-heading-m govuk-link"
      href="/reports"
      id="reportsPageLink"
      onClick={[Function]}
    >
      Reports
    </a>
    <p
      className="govuk-body-s"
    >
      Operational reports
    </p>
  </li>
</ReportsDashboardPanel>
`;
