// Jest Snapshot v1, https://goo.gl/fbAQLP

exports[`Header matches snapshot 1`] = `
<header
  className="govuk-header "
  data-module="header"
  role="banner"
>
  <SkipLink />
  <div
    className="govuk-header__container govuk-width-container"
  >
    <div
      className="govuk-header__content"
    >
      <Link
        className="govuk-header__link govuk-header__link--service-name"
        id="serviceName"
        to="/dashboard"
      >
        Central Operations Platform
      </Link>
      <button
        aria-controls="navigation"
        aria-label="Show or hide Top Level Navigation"
        className="govuk-header__menu-button govuk-js-header-toggle"
        onClick={[Function]}
        type="button"
      >
        Menu
      </button>
      <nav>
        <ul
          aria-label="Top Level Navigation"
          className="govuk-header__navigation"
          id="navigation"
        >
          <li
            className="govuk-header__navigation-item "
            key="/dashboard"
          >
            <Link
              className="govuk-header__link"
              onClick={[Function]}
              to="/dashboard"
            >
              Home
            </Link>
          </li>
          <li
            className="govuk-header__navigation-item "
            key="/your-tasks"
          >
            <Link
              className="govuk-header__link"
              onClick={[Function]}
              to="/your-tasks"
            >
              Tasks
            </Link>
          </li>
          <li
            className="govuk-header__navigation-item "
            key="/forms"
          >
            <Link
              className="govuk-header__link"
              onClick={[Function]}
              to="/forms"
            >
              Forms
            </Link>
          </li>
          <li
            className="govuk-header__navigation-item "
            key="/reports"
          >
            <Link
              className="govuk-header__link"
              onClick={[Function]}
              to="/reports"
            >
              Reports
            </Link>
          </li>
          <li
            className="govuk-header__navigation-item "
            key="/cases"
          >
            <Link
              className="govuk-header__link"
              onClick={[Function]}
              to="/cases"
            >
              Cases
            </Link>
          </li>
          <li
            className="govuk-header__navigation-item "
            key="submit-a-form/edit-your-profile"
          >
            <Link
              className="govuk-header__link"
              onClick={[Function]}
              to="submit-a-form/edit-your-profile"
            >
              My profile
            </Link>
          </li>
          <li
            className="govuk-header__navigation-item"
          >
            <a
              className="govuk-header__link"
              href="https://support.cop.homeoffice.gov.uk/servicedesk/customer/portal/3"
              id="support"
              rel="noopener noreferrer"
              target="_blank"
            >
              Support
            </a>
          </li>
          <li
            className="govuk-header__navigation-item"
          >
            <a
              className="govuk-header__link"
              id="logout"
              onClick={[Function]}
            >
              Sign out
            </a>
          </li>
        </ul>
      </nav>
    </div>
  </div>
</header>
`;
